statements:
  - kind: string
    begin:
      offset: 0
      line: 1
    end:
      offset: 13
      line: 1
    value: hello world
  - kind: string
    begin:
      offset: 15
      line: 3
    end:
      offset: 27
      line: 3
    value: "foo\tbar\n"
  - kind: string
    begin:
      offset: 29
      line: 5
    end:
      offset: 38
      line: 5
    value: foo bar
  - kind: string
    begin:
      offset: 51
      line: 8
    end:
      offset: 68
      line: 9
    value: "  another string"
    margin: 2
