path: boolean.pp
statements:
  - kind: binary expression
    operand:
      kind: variable
      begin:
        offset: 0
        line: 1
      end:
        offset: 2
        line: 1
      name: a
    operations:
      - operator_position:
          offset: 3
          line: 1
        operator: =
        operand:
          kind: boolean
          begin:
            offset: 5
            line: 1
          end:
            offset: 9
            line: 1
          value: true
  - kind: binary expression
    operand:
      kind: variable
      begin:
        offset: 10
        line: 2
      end:
        offset: 12
        line: 2
      name: b
    operations:
      - operator_position:
          offset: 13
          line: 2
        operator: =
        operand:
          kind: boolean
          begin:
            offset: 15
            line: 2
          end:
            offset: 20
            line: 2
          value: false
