path: case.pp
statements:
  - kind: function call statement
    function:
      kind: name
      begin:
        offset: 0
        line: 1
      end:
        offset: 6
        line: 1
      value: notice
    arguments:
      - kind: case expression
        begin:
          offset: 7
          line: 1
        end:
          offset: 326
          line: 6
        conditional:
          kind: variable
          begin:
            offset: 12
            line: 1
          end:
            offset: 28
            line: 1
          name: operatingsystem
        propositions:
          - options:
              - kind: string
                begin:
                  offset: 33
                  line: 2
                end:
                  offset: 42
                  line: 2
                value: Solaris
            body:
              - kind: function call statement
                function:
                  kind: name
                  begin:
                    offset: 55
                    line: 2
                  end:
                    offset: 62
                    line: 2
                  value: include
                arguments:
                  - kind: name
                    begin:
                      offset: 63
                      line: 2
                    end:
                      offset: 76
                      line: 2
                    value: role::solaris
            end:
              offset: 78
              line: 2
          - options:
              - kind: string
                begin:
                  offset: 107
                  line: 3
                end:
                  offset: 115
                  line: 3
                value: RedHat
              - kind: string
                begin:
                  offset: 117
                  line: 3
                end:
                  offset: 125
                  line: 3
                value: CentOS
            body:
              - kind: function call statement
                function:
                  kind: name
                  begin:
                    offset: 129
                    line: 3
                  end:
                    offset: 136
                    line: 3
                  value: include
                arguments:
                  - kind: name
                    begin:
                      offset: 137
                      line: 3
                    end:
                      offset: 149
                      line: 3
                    value: role::redhat
            end:
              offset: 152
              line: 3
          - options:
              - kind: regex
                begin:
                  offset: 180
                  line: 4
                end:
                  offset: 199
                  line: 4
                value: ^(Debian|Ubuntu)$
            body:
              - kind: function call statement
                function:
                  kind: name
                  begin:
                    offset: 202
                    line: 4
                  end:
                    offset: 209
                    line: 4
                  value: include
                arguments:
                  - kind: name
                    begin:
                      offset: 210
                      line: 4
                    end:
                      offset: 222
                      line: 4
                    value: role::debian
            end:
              offset: 225
              line: 4
          - options:
              - kind: default
                begin:
                  offset: 253
                  line: 5
                end:
                  offset: 260
                  line: 5
            body:
              - kind: function call statement
                function:
                  kind: name
                  begin:
                    offset: 275
                    line: 5
                  end:
                    offset: 282
                    line: 5
                  value: include
                arguments:
                  - kind: name
                    begin:
                      offset: 283
                      line: 5
                    end:
                      offset: 296
                      line: 5
                    value: role::generic
            end:
              offset: 298
              line: 5
  - kind: function call statement
    function:
      kind: name
      begin:
        offset: 328
        line: 8
      end:
        offset: 334
        line: 8
      value: notice
    arguments:
      - kind: case expression
        begin:
          offset: 335
          line: 8
        end:
          offset: 364
          line: 10
        conditional:
          kind: boolean
          begin:
            offset: 340
            line: 8
          end:
            offset: 344
            line: 8
          value: true
        propositions:
          - options:
              - kind: default
                begin:
                  offset: 351
                  line: 9
                end:
                  offset: 358
                  line: 9
            end:
              offset: 362
              line: 9
