path: class.pp
statements:
  - kind: class statement
    begin:
      offset: 0
      line: 1
    end:
      offset: 13
      line: 2
    name:
      kind: name
      begin:
        offset: 6
        line: 1
      end:
        offset: 9
        line: 1
      value: foo
  - kind: class statement
    begin:
      offset: 15
      line: 4
    end:
      offset: 39
      line: 6
    name:
      kind: name
      begin:
        offset: 21
        line: 4
      end:
        offset: 34
        line: 4
      value: bar::baz::jam
  - kind: class statement
    begin:
      offset: 41
      line: 8
    end:
      offset: 55
      line: 8
    name:
      kind: name
      begin:
        offset: 47
        line: 8
      end:
        offset: 50
        line: 8
      value: baz
  - kind: class statement
    begin:
      offset: 57
      line: 10
    end:
      offset: 122
      line: 14
    name:
      kind: name
      begin:
        offset: 63
        line: 10
      end:
        offset: 66
        line: 10
      value: baz
    parameters:
      - variable:
          kind: variable
          begin:
            offset: 67
            line: 10
          end:
            offset: 71
            line: 10
          name: foo
    body:
      - kind: function call expression
        function:
          kind: name
          begin:
            offset: 79
            line: 11
          end:
            offset: 83
            line: 11
          value: each
        arguments:
          - kind: variable
            begin:
              offset: 84
              line: 11
            end:
              offset: 88
              line: 11
            name: foo
        lambda:
          begin:
            offset: 90
            line: 11
          end:
            offset: 120
            line: 13
          parameters:
            - variable:
                kind: variable
                begin:
                  offset: 91
                  line: 11
                end:
                  offset: 93
                  line: 11
                name: x
          body:
            - kind: function call statement
              function:
                kind: name
                begin:
                  offset: 105
                  line: 12
                end:
                  offset: 111
                  line: 12
                value: notice
              arguments:
                - kind: variable
                  begin:
                    offset: 112
                    line: 12
                  end:
                    offset: 114
                    line: 12
                  name: x
        end:
          offset: 89
          line: 11
  - kind: class statement
    begin:
      offset: 124
      line: 16
    end:
      offset: 150
      line: 18
    name:
      kind: name
      begin:
        offset: 130
        line: 16
      end:
        offset: 133
        line: 16
      value: baz
    parameters:
      - variable:
          kind: variable
          begin:
            offset: 134
            line: 16
          end:
            offset: 138
            line: 16
          name: foo
      - variable:
          kind: variable
          begin:
            offset: 140
            line: 16
          end:
            offset: 144
            line: 16
          name: bar
  - kind: class statement
    begin:
      offset: 152
      line: 20
    end:
      offset: 201
      line: 22
    name:
      kind: name
      begin:
        offset: 158
        line: 20
      end:
        offset: 161
        line: 20
      value: ntp
    parameters:
      - type:
          kind: type
          begin:
            offset: 162
            line: 20
          end:
            offset: 169
            line: 20
          name: Integer
        variable:
          kind: variable
          begin:
            offset: 170
            line: 20
          end:
            offset: 172
            line: 20
          name: x
      - type:
          kind: postfix expression
          operand:
            kind: type
            begin:
              offset: 174
              line: 20
            end:
              offset: 180
              line: 20
            name: String
          operations:
            - kind: access expression
              begin:
                offset: 180
                line: 20
              end:
                offset: 186
                line: 20
              arguments:
                - kind: number
                  begin:
                    offset: 181
                    line: 20
                  end:
                    offset: 182
                    line: 20
                  base: decimal
                  value: 0
                - kind: number
                  begin:
                    offset: 184
                    line: 20
                  end:
                    offset: 185
                    line: 20
                  base: decimal
                  value: 1
        variable:
          kind: variable
          begin:
            offset: 187
            line: 20
          end:
            offset: 189
            line: 20
          name: y
        default_value:
          kind: string
          begin:
            offset: 192
            line: 20
          end:
            offset: 195
            line: 20
          value: X
  - kind: class statement
    begin:
      offset: 203
      line: 24
    end:
      offset: 276
      line: 26
    name:
      kind: name
      begin:
        offset: 209
        line: 24
      end:
        offset: 213
        line: 24
      value: ntp2
    parameters:
      - type:
          kind: type
          begin:
            offset: 214
            line: 24
          end:
            offset: 221
            line: 24
          name: Integer
        variable:
          kind: variable
          begin:
            offset: 222
            line: 24
          end:
            offset: 224
            line: 24
          name: x
      - type:
          kind: postfix expression
          operand:
            kind: type
            begin:
              offset: 226
              line: 24
            end:
              offset: 232
              line: 24
            name: String
          operations:
            - kind: access expression
              begin:
                offset: 232
                line: 24
              end:
                offset: 238
                line: 24
              arguments:
                - kind: number
                  begin:
                    offset: 233
                    line: 24
                  end:
                    offset: 234
                    line: 24
                  base: decimal
                  value: 0
                - kind: number
                  begin:
                    offset: 236
                    line: 24
                  end:
                    offset: 237
                    line: 24
                  base: decimal
                  value: 1
        variable:
          kind: variable
          begin:
            offset: 239
            line: 24
          end:
            offset: 241
            line: 24
          name: y
        default_value:
          kind: string
          begin:
            offset: 244
            line: 24
          end:
            offset: 247
            line: 24
          value: X
    parent:
      kind: name
      begin:
        offset: 258
        line: 24
      end:
        offset: 271
        line: 24
      value: bar::baz::jam
  - kind: class statement
    begin:
      offset: 278
      line: 28
    end:
      offset: 403
      line: 32
    name:
      kind: name
      begin:
        offset: 284
        line: 28
      end:
        offset: 288
        line: 28
      value: ntp3
    parameters:
      - type:
          kind: type
          begin:
            offset: 289
            line: 28
          end:
            offset: 296
            line: 28
          name: Integer
        variable:
          kind: variable
          begin:
            offset: 297
            line: 28
          end:
            offset: 299
            line: 28
          name: x
      - type:
          kind: postfix expression
          operand:
            kind: type
            begin:
              offset: 301
              line: 28
            end:
              offset: 307
              line: 28
            name: String
          operations:
            - kind: access expression
              begin:
                offset: 307
                line: 28
              end:
                offset: 313
                line: 28
              arguments:
                - kind: number
                  begin:
                    offset: 308
                    line: 28
                  end:
                    offset: 309
                    line: 28
                  base: decimal
                  value: 0
                - kind: number
                  begin:
                    offset: 311
                    line: 28
                  end:
                    offset: 312
                    line: 28
                  base: decimal
                  value: 1
        variable:
          kind: variable
          begin:
            offset: 314
            line: 28
          end:
            offset: 316
            line: 28
          name: y
        default_value:
          kind: string
          begin:
            offset: 319
            line: 28
          end:
            offset: 322
            line: 28
          value: X
    parent:
      kind: name
      begin:
        offset: 333
        line: 28
      end:
        offset: 346
        line: 28
      value: bar::baz::jam
    body:
      - kind: function call statement
        function:
          kind: name
          begin:
            offset: 353
            line: 29
          end:
            offset: 359
            line: 29
          value: notice
        arguments:
          - kind: name
            begin:
              offset: 360
              line: 29
            end:
              offset: 362
              line: 29
            value: hi
      - kind: binary expression
        operand:
          kind: variable
          begin:
            offset: 367
            line: 30
          end:
            offset: 371
            line: 30
          name: two
        operations:
          - operator_position:
              offset: 372
              line: 30
            operator: =
            operand:
              kind: number
              begin:
                offset: 374
                line: 30
              end:
                offset: 375
                line: 30
              base: decimal
              value: 1
          - operator_position:
              offset: 376
              line: 30
            operator: +
            operand:
              kind: number
              begin:
                offset: 378
                line: 30
              end:
                offset: 379
                line: 30
              base: decimal
              value: 1
      - kind: binary expression
        operand:
          kind: variable
          begin:
            offset: 384
            line: 31
          end:
            offset: 390
            line: 31
          name: three
        operations:
          - operator_position:
              offset: 391
              line: 31
            operator: =
            operand:
              kind: variable
              begin:
                offset: 393
                line: 31
              end:
                offset: 397
                line: 31
              name: two
          - operator_position:
              offset: 398
              line: 31
            operator: +
            operand:
              kind: number
              begin:
                offset: 400
                line: 31
              end:
                offset: 401
                line: 31
              base: decimal
              value: 1
