path: collector.pp
statements:
  - kind: collector expression
    type:
      kind: type
      begin:
        offset: 0
        line: 1
      end:
        offset: 4
        line: 1
      name: File
    exported: false
    end:
      offset: 9
      line: 1
  - kind: collector expression
    type:
      kind: type
      begin:
        offset: 11
        line: 3
      end:
        offset: 19
        line: 3
      name: Foo::Bar
    exported: false
    query:
      kind: attribute query
      attribute:
        kind: name
        begin:
          offset: 22
          line: 3
        end:
          offset: 27
          line: 3
        value: title
      operator_position:
        offset: 28
        line: 3
      operator: ==
      value:
        kind: name
        begin:
          offset: 31
          line: 3
        end:
          offset: 34
          line: 3
        value: foo
    end:
      offset: 37
      line: 3
  - kind: collector expression
    type:
      kind: type
      begin:
        offset: 39
        line: 5
      end:
        offset: 42
        line: 5
      name: Bar
    exported: false
    query:
      kind: query expression
      operand:
        kind: attribute query
        attribute:
          kind: name
          begin:
            offset: 46
            line: 5
          end:
            offset: 51
            line: 5
          value: title
        operator_position:
          offset: 52
          line: 5
        operator: ==
        value:
          kind: name
          begin:
            offset: 55
            line: 5
          end:
            offset: 58
            line: 5
          value: foo
      operations:
        - operator_position:
            offset: 59
            line: 5
          operator: and
          operand:
            kind: nested query expression
            expression:
              kind: query expression
              operand:
                kind: attribute query
                attribute:
                  kind: name
                  begin:
                    offset: 64
                    line: 5
                  end:
                    offset: 69
                    line: 5
                  value: other
                operator_position:
                  offset: 70
                  line: 5
                operator: ==
                value:
                  kind: array
                  begin:
                    offset: 73
                    line: 5
                  end:
                    offset: 82
                    line: 5
                  elements:
                    - kind: number
                      begin:
                        offset: 74
                        line: 5
                      end:
                        offset: 75
                        line: 5
                      base: decimal
                      value: 1
                    - kind: number
                      begin:
                        offset: 77
                        line: 5
                      end:
                        offset: 78
                        line: 5
                      base: decimal
                      value: 2
                    - kind: number
                      begin:
                        offset: 80
                        line: 5
                      end:
                        offset: 81
                        line: 5
                      base: decimal
                      value: 3
              operations:
                - operator_position:
                    offset: 83
                    line: 5
                  operator: or
                  operand:
                    kind: attribute query
                    attribute:
                      kind: name
                      begin:
                        offset: 86
                        line: 5
                      end:
                        offset: 95
                        line: 5
                      value: something
                    operator_position:
                      offset: 96
                      line: 5
                    operator: "!="
                    value:
                      kind: hash
                      begin:
                        offset: 99
                        line: 5
                      end:
                        offset: 113
                        line: 5
                      elements:
                        - first:
                            kind: name
                            begin:
                              offset: 101
                              line: 5
                            end:
                              offset: 104
                              line: 5
                            value: foo
                          second:
                            kind: name
                            begin:
                              offset: 108
                              line: 5
                            end:
                              offset: 111
                              line: 5
                            value: bar
    end:
      offset: 117
      line: 5
  - kind: collector expression
    type:
      kind: type
      begin:
        offset: 119
        line: 7
      end:
        offset: 122
        line: 7
      name: Yay
    exported: false
    query:
      kind: attribute query
      attribute:
        kind: name
        begin:
          offset: 126
          line: 7
        end:
          offset: 130
          line: 7
        value: cake
      operator_position:
        offset: 131
        line: 7
      operator: "!="
      value:
        kind: name
        begin:
          offset: 134
          line: 7
        end:
          offset: 137
          line: 7
        value: lie
    end:
      offset: 140
      line: 7
  - kind: collector expression
    type:
      kind: type
      begin:
        offset: 143
        line: 10
      end:
        offset: 147
        line: 10
      name: File
    exported: true
    end:
      offset: 154
      line: 10
  - kind: collector expression
    type:
      kind: type
      begin:
        offset: 156
        line: 12
      end:
        offset: 164
        line: 12
      name: Foo::Bar
    exported: true
    query:
      kind: attribute query
      attribute:
        kind: name
        begin:
          offset: 168
          line: 12
        end:
          offset: 173
          line: 12
        value: title
      operator_position:
        offset: 174
        line: 12
      operator: ==
      value:
        kind: name
        begin:
          offset: 177
          line: 12
        end:
          offset: 180
          line: 12
        value: foo
    end:
      offset: 184
      line: 12
  - kind: collector expression
    type:
      kind: type
      begin:
        offset: 186
        line: 14
      end:
        offset: 189
        line: 14
      name: Bar
    exported: true
    query:
      kind: query expression
      operand:
        kind: attribute query
        attribute:
          kind: name
          begin:
            offset: 194
            line: 14
          end:
            offset: 199
            line: 14
          value: title
        operator_position:
          offset: 200
          line: 14
        operator: ==
        value:
          kind: name
          begin:
            offset: 203
            line: 14
          end:
            offset: 206
            line: 14
          value: foo
      operations:
        - operator_position:
            offset: 207
            line: 14
          operator: and
          operand:
            kind: nested query expression
            expression:
              kind: query expression
              operand:
                kind: attribute query
                attribute:
                  kind: name
                  begin:
                    offset: 212
                    line: 14
                  end:
                    offset: 217
                    line: 14
                  value: other
                operator_position:
                  offset: 218
                  line: 14
                operator: ==
                value:
                  kind: array
                  begin:
                    offset: 221
                    line: 14
                  end:
                    offset: 230
                    line: 14
                  elements:
                    - kind: number
                      begin:
                        offset: 222
                        line: 14
                      end:
                        offset: 223
                        line: 14
                      base: decimal
                      value: 1
                    - kind: number
                      begin:
                        offset: 225
                        line: 14
                      end:
                        offset: 226
                        line: 14
                      base: decimal
                      value: 2
                    - kind: number
                      begin:
                        offset: 228
                        line: 14
                      end:
                        offset: 229
                        line: 14
                      base: decimal
                      value: 3
              operations:
                - operator_position:
                    offset: 231
                    line: 14
                  operator: or
                  operand:
                    kind: attribute query
                    attribute:
                      kind: name
                      begin:
                        offset: 234
                        line: 14
                      end:
                        offset: 243
                        line: 14
                      value: something
                    operator_position:
                      offset: 244
                      line: 14
                    operator: "!="
                    value:
                      kind: hash
                      begin:
                        offset: 247
                        line: 14
                      end:
                        offset: 261
                        line: 14
                      elements:
                        - first:
                            kind: name
                            begin:
                              offset: 249
                              line: 14
                            end:
                              offset: 252
                              line: 14
                            value: foo
                          second:
                            kind: name
                            begin:
                              offset: 256
                              line: 14
                            end:
                              offset: 259
                              line: 14
                            value: bar
    end:
      offset: 266
      line: 14
  - kind: collector expression
    type:
      kind: type
      begin:
        offset: 268
        line: 16
      end:
        offset: 271
        line: 16
      name: Yay
    exported: true
    query:
      kind: query expression
      operand:
        kind: attribute query
        attribute:
          kind: name
          begin:
            offset: 276
            line: 16
          end:
            offset: 280
            line: 16
          value: cake
        operator_position:
          offset: 281
          line: 16
        operator: "!="
        value:
          kind: name
          begin:
            offset: 284
            line: 16
          end:
            offset: 287
            line: 16
          value: lie
      operations:
        - operator_position:
            offset: 288
            line: 16
          operator: and
          operand:
            kind: attribute query
            attribute:
              kind: name
              begin:
                offset: 292
                line: 16
              end:
                offset: 295
                line: 16
              value: foo
            operator_position:
              offset: 296
              line: 16
            operator: ==
            value:
              kind: default
              begin:
                offset: 299
                line: 16
              end:
                offset: 306
                line: 16
    end:
      offset: 310
      line: 16
  - kind: resource override expression
    begin:
      offset: 312
      line: 18
    end:
      offset: 370
      line: 21
    reference:
      kind: collector expression
      type:
        kind: type
        begin:
          offset: 312
          line: 18
        end:
          offset: 316
          line: 18
        name: File
      exported: false
      query:
        kind: attribute query
        attribute:
          kind: name
          begin:
            offset: 320
            line: 18
          end:
            offset: 323
            line: 18
          value: foo
        operator_position:
          offset: 324
          line: 18
        operator: ==
        value:
          kind: name
          begin:
            offset: 327
            line: 18
          end:
            offset: 330
            line: 18
          value: bar
      end:
        offset: 333
        line: 18
    operations:
      - name:
          kind: name
          begin:
            offset: 340
            line: 19
          end:
            offset: 344
            line: 19
          value: attr
        operator_position:
          offset: 345
          line: 19
        operator: =>
        value:
          kind: name
          begin:
            offset: 348
            line: 19
          end:
            offset: 351
            line: 19
          value: baz
      - name:
          kind: name
          begin:
            offset: 357
            line: 20
          end:
            offset: 360
            line: 20
          value: jam
        operator_position:
          offset: 361
          line: 20
        operator: +>
        value:
          kind: name
          begin:
            offset: 364
            line: 20
          end:
            offset: 368
            line: 20
          value: cake
  - kind: resource override expression
    begin:
      offset: 372
      line: 23
    end:
      offset: 432
      line: 26
    reference:
      kind: collector expression
      type:
        kind: type
        begin:
          offset: 372
          line: 23
        end:
          offset: 376
          line: 23
        name: File
      exported: true
      query:
        kind: attribute query
        attribute:
          kind: name
          begin:
            offset: 381
            line: 23
          end:
            offset: 384
            line: 23
          value: foo
        operator_position:
          offset: 385
          line: 23
        operator: ==
        value:
          kind: name
          begin:
            offset: 388
            line: 23
          end:
            offset: 391
            line: 23
          value: bar
      end:
        offset: 395
        line: 23
    operations:
      - name:
          kind: name
          begin:
            offset: 402
            line: 24
          end:
            offset: 406
            line: 24
          value: attr
        operator_position:
          offset: 407
          line: 24
        operator: =>
        value:
          kind: name
          begin:
            offset: 410
            line: 24
          end:
            offset: 413
            line: 24
          value: baz
      - name:
          kind: name
          begin:
            offset: 419
            line: 25
          end:
            offset: 422
            line: 25
          value: jam
        operator_position:
          offset: 423
          line: 25
        operator: +>
        value:
          kind: name
          begin:
            offset: 426
            line: 25
          end:
            offset: 430
            line: 25
          value: cake
  - kind: relationship statement
    operand:
      kind: collector expression
      type:
        kind: type
        begin:
          offset: 434
          line: 28
        end:
          offset: 438
          line: 28
        name: File
      exported: false
      end:
        offset: 442
        line: 28
    operations:
      - operator_position:
          offset: 443
          line: 28
        operator: ->
        operand:
          kind: collector expression
          type:
            kind: type
            begin:
              offset: 446
              line: 28
            end:
              offset: 453
              line: 28
            name: Service
          exported: false
          end:
            offset: 457
            line: 28
