path: method_call.pp
statements:
  - kind: postfix expression
    operand:
      kind: undef
      begin:
        offset: 0
        line: 1
      end:
        offset: 5
        line: 1
    operations:
      - kind: method call expression
        begin:
          offset: 5
          line: 1
        method:
          kind: name
          begin:
            offset: 6
            line: 1
          end:
            offset: 9
            line: 1
          value: foo
  - kind: postfix expression
    operand:
      kind: number
      begin:
        offset: 11
        line: 3
      end:
        offset: 12
        line: 3
      base: decimal
      value: 1
    operations:
      - kind: method call expression
        begin:
          offset: 12
          line: 3
        method:
          kind: name
          begin:
            offset: 13
            line: 3
          end:
            offset: 16
            line: 3
          value: bar
        arguments:
          - kind: number
            begin:
              offset: 17
              line: 3
            end:
              offset: 18
              line: 3
            base: decimal
            value: 2
          - kind: number
            begin:
              offset: 20
              line: 3
            end:
              offset: 21
              line: 3
            base: decimal
            value: 3
        end:
          offset: 22
          line: 3
  - kind: postfix expression
    operand:
      kind: name
      begin:
        offset: 24
        line: 5
      end:
        offset: 27
        line: 5
      value: foo
    operations:
      - kind: method call expression
        begin:
          offset: 27
          line: 5
        method:
          kind: name
          begin:
            offset: 28
            line: 5
          end:
            offset: 34
            line: 5
          value: notice
        end:
          offset: 36
          line: 5
  - kind: postfix expression
    operand:
      kind: array
      begin:
        offset: 38
        line: 7
      end:
        offset: 40
        line: 7
    operations:
      - kind: method call expression
        begin:
          offset: 40
          line: 7
        method:
          kind: name
          begin:
            offset: 41
            line: 7
          end:
            offset: 44
            line: 7
          value: baz
        lambda:
          begin:
            offset: 45
            line: 7
          end:
            offset: 98
            line: 7
          parameters:
            - variable:
                kind: variable
                begin:
                  offset: 46
                  line: 7
                end:
                  offset: 48
                  line: 7
                name: x
            - type:
                kind: postfix expression
                operand:
                  kind: type
                  begin:
                    offset: 50
                    line: 7
                  end:
                    offset: 57
                    line: 7
                  name: Integer
                operations:
                  - kind: access expression
                    begin:
                      offset: 57
                      line: 7
                    end:
                      offset: 63
                      line: 7
                    arguments:
                      - kind: number
                        begin:
                          offset: 58
                          line: 7
                        end:
                          offset: 59
                          line: 7
                        base: decimal
                        value: 0
                      - kind: number
                        begin:
                          offset: 61
                          line: 7
                        end:
                          offset: 62
                          line: 7
                        base: decimal
                        value: 1
              variable:
                kind: variable
                begin:
                  offset: 64
                  line: 7
                end:
                  offset: 66
                  line: 7
                name: y
              default_value:
                kind: number
                begin:
                  offset: 69
                  line: 7
                end:
                  offset: 70
                  line: 7
                base: decimal
                value: 1
            - captures:
                offset: 72
                line: 7
              variable:
                kind: variable
                begin:
                  offset: 73
                  line: 7
                end:
                  offset: 75
                  line: 7
                name: z
          body:
            - kind: function call statement
              function:
                kind: name
                begin:
                  offset: 79
                  line: 7
                end:
                  offset: 85
                  line: 7
                value: notice
              arguments:
                - kind: variable
                  begin:
                    offset: 86
                    line: 7
                  end:
                    offset: 88
                    line: 7
                  name: x
                - kind: variable
                  begin:
                    offset: 90
                    line: 7
                  end:
                    offset: 92
                    line: 7
                  name: y
                - kind: variable
                  begin:
                    offset: 94
                    line: 7
                  end:
                    offset: 96
                    line: 7
                  name: z
