path: name.pp
statements:
  - kind: function call statement
    function:
      kind: name
      begin:
        offset: 0
        line: 1
      end:
        offset: 6
        line: 1
      value: notice
    arguments:
      - kind: name
        begin:
          offset: 7
          line: 1
        end:
          offset: 10
          line: 1
        value: foo
  - kind: function call statement
    function:
      kind: name
      begin:
        offset: 11
        line: 2
      end:
        offset: 17
        line: 2
      value: notice
    arguments:
      - kind: name
        begin:
          offset: 18
          line: 2
        end:
          offset: 25
          line: 2
        value: foo_bar
  - kind: function call statement
    function:
      kind: name
      begin:
        offset: 26
        line: 3
      end:
        offset: 32
        line: 3
      value: notice
    arguments:
      - kind: name
        begin:
          offset: 33
          line: 3
        end:
          offset: 46
          line: 3
        value: foo::bar::baz
  - kind: function call statement
    function:
      kind: name
      begin:
        offset: 47
        line: 4
      end:
        offset: 53
        line: 4
      value: notice
    arguments:
      - kind: name
        begin:
          offset: 54
          line: 4
        end:
          offset: 59
          line: 4
        value: ::foo
  - kind: function call statement
    function:
      kind: name
      begin:
        offset: 60
        line: 5
      end:
        offset: 66
        line: 5
      value: notice
    arguments:
      - kind: name
        begin:
          offset: 67
          line: 5
        end:
          offset: 81
          line: 5
        value: ::foo_baz::bar
