path: orchestration.pp
statements:
  - kind: produces statement
    resource:
      kind: type
      begin:
        offset: 0
        line: 1
      end:
        offset: 3
        line: 1
      name: Foo
    capability:
      kind: type
      begin:
        offset: 13
        line: 1
      end:
        offset: 16
        line: 1
      name: Sql
    end:
      offset: 20
      line: 2
  - kind: produces statement
    resource:
      kind: type
      begin:
        offset: 22
        line: 4
      end:
        offset: 30
        line: 4
      name: Foo::Bar
    capability:
      kind: type
      begin:
        offset: 40
        line: 4
      end:
        offset: 48
        line: 4
      name: Foo::Sql
    operations:
      - name:
          kind: name
          begin:
            offset: 55
            line: 5
          end:
            offset: 58
            line: 5
          value: bar
        operator_position:
          offset: 59
          line: 5
        operator: =>
        value:
          kind: variable
          begin:
            offset: 62
            line: 5
          end:
            offset: 66
            line: 5
          name: bar
      - name:
          kind: name
          begin:
            offset: 72
            line: 6
          end:
            offset: 75
            line: 6
          value: baz
        operator_position:
          offset: 76
          line: 6
        operator: =>
        value:
          kind: function call expression
          function:
            kind: name
            begin:
              offset: 79
              line: 6
            end:
              offset: 82
              line: 6
            value: foo
          end:
            offset: 84
            line: 6
    end:
      offset: 86
      line: 7
  - kind: consumes statement
    resource:
      kind: type
      begin:
        offset: 88
        line: 9
      end:
        offset: 91
        line: 9
      name: Foo
    capability:
      kind: type
      begin:
        offset: 101
        line: 9
      end:
        offset: 104
        line: 9
      name: Sql
    end:
      offset: 108
      line: 10
  - kind: consumes statement
    resource:
      kind: type
      begin:
        offset: 110
        line: 12
      end:
        offset: 118
        line: 12
      name: Foo::Bar
    capability:
      kind: type
      begin:
        offset: 128
        line: 12
      end:
        offset: 136
        line: 12
      name: Foo::Sql
    operations:
      - name:
          kind: name
          begin:
            offset: 143
            line: 13
          end:
            offset: 146
            line: 13
          value: bar
        operator_position:
          offset: 147
          line: 13
        operator: =>
        value:
          kind: variable
          begin:
            offset: 150
            line: 13
          end:
            offset: 154
            line: 13
          name: bar
      - name:
          kind: name
          begin:
            offset: 160
            line: 14
          end:
            offset: 163
            line: 14
          value: baz
        operator_position:
          offset: 164
          line: 14
        operator: =>
        value:
          kind: function call expression
          function:
            kind: name
            begin:
              offset: 167
              line: 14
            end:
              offset: 170
              line: 14
            value: foo
          end:
            offset: 172
            line: 14
    end:
      offset: 174
      line: 15
  - kind: application statement
    begin:
      offset: 176
      line: 17
    end:
      offset: 196
      line: 18
    name:
      kind: name
      begin:
        offset: 188
        line: 17
      end:
        offset: 192
        line: 17
      value: lamp
  - kind: application statement
    begin:
      offset: 198
      line: 20
    end:
      offset: 220
      line: 21
    name:
      kind: name
      begin:
        offset: 210
        line: 20
      end:
        offset: 214
        line: 20
      value: lamp
  - kind: application statement
    begin:
      offset: 222
      line: 23
    end:
      offset: 246
      line: 24
    name:
      kind: name
      begin:
        offset: 234
        line: 23
      end:
        offset: 238
        line: 23
      value: lamp
    parameters:
      - variable:
          kind: variable
          begin:
            offset: 239
            line: 23
          end:
            offset: 241
            line: 23
          name: x
  - kind: application statement
    begin:
      offset: 248
      line: 26
    end:
      offset: 276
      line: 27
    name:
      kind: name
      begin:
        offset: 260
        line: 26
      end:
        offset: 264
        line: 26
      value: lamp
    parameters:
      - variable:
          kind: variable
          begin:
            offset: 265
            line: 26
          end:
            offset: 267
            line: 26
          name: x
      - variable:
          kind: variable
          begin:
            offset: 269
            line: 26
          end:
            offset: 271
            line: 26
          name: y
  - kind: application statement
    begin:
      offset: 278
      line: 29
    end:
      offset: 310
      line: 30
    name:
      kind: name
      begin:
        offset: 290
        line: 29
      end:
        offset: 294
        line: 29
      value: lamp
    parameters:
      - type:
          kind: type
          begin:
            offset: 295
            line: 29
          end:
            offset: 302
            line: 29
          name: Integer
        variable:
          kind: variable
          begin:
            offset: 303
            line: 29
          end:
            offset: 305
            line: 29
          name: x
  - kind: application statement
    begin:
      offset: 312
      line: 32
    end:
      offset: 420
      line: 36
    name:
      kind: name
      begin:
        offset: 324
        line: 32
      end:
        offset: 328
        line: 32
      value: lamp
    parameters:
      - type:
          kind: type
          begin:
            offset: 329
            line: 32
          end:
            offset: 336
            line: 32
          name: Integer
        variable:
          kind: variable
          begin:
            offset: 337
            line: 32
          end:
            offset: 339
            line: 32
          name: x
      - type:
          kind: postfix expression
          operand:
            kind: type
            begin:
              offset: 341
              line: 32
            end:
              offset: 347
              line: 32
            name: String
          operations:
            - kind: access expression
              begin:
                offset: 347
                line: 32
              end:
                offset: 353
                line: 32
              arguments:
                - kind: number
                  begin:
                    offset: 348
                    line: 32
                  end:
                    offset: 349
                    line: 32
                  base: decimal
                  value: 0
                - kind: number
                  begin:
                    offset: 351
                    line: 32
                  end:
                    offset: 352
                    line: 32
                  base: decimal
                  value: 1
        variable:
          kind: variable
          begin:
            offset: 354
            line: 32
          end:
            offset: 356
            line: 32
          name: y
        default_value:
          kind: string
          begin:
            offset: 359
            line: 32
          end:
            offset: 362
            line: 32
          value: X
    body:
      - kind: function call statement
        function:
          kind: name
          begin:
            offset: 370
            line: 33
          end:
            offset: 376
            line: 33
          value: notice
        arguments:
          - kind: name
            begin:
              offset: 377
              line: 33
            end:
              offset: 379
              line: 33
            value: hi
      - kind: binary expression
        operand:
          kind: variable
          begin:
            offset: 384
            line: 34
          end:
            offset: 388
            line: 34
          name: two
        operations:
          - operator_position:
              offset: 389
              line: 34
            operator: =
            operand:
              kind: number
              begin:
                offset: 391
                line: 34
              end:
                offset: 392
                line: 34
              base: decimal
              value: 1
          - operator_position:
              offset: 393
              line: 34
            operator: +
            operand:
              kind: number
              begin:
                offset: 395
                line: 34
              end:
                offset: 396
                line: 34
              base: decimal
              value: 1
      - kind: binary expression
        operand:
          kind: variable
          begin:
            offset: 401
            line: 35
          end:
            offset: 407
            line: 35
          name: three
        operations:
          - operator_position:
              offset: 408
              line: 35
            operator: =
            operand:
              kind: variable
              begin:
                offset: 410
                line: 35
              end:
                offset: 414
                line: 35
              name: two
          - operator_position:
              offset: 415
              line: 35
            operator: +
            operand:
              kind: number
              begin:
                offset: 417
                line: 35
              end:
                offset: 418
                line: 35
              base: decimal
              value: 1
  - kind: produces statement
    resource:
      kind: type
      begin:
        offset: 422
        line: 38
      end:
        offset: 431
        line: 38
      name: Mysql::Db
    capability:
      kind: type
      begin:
        offset: 441
        line: 38
      end:
        offset: 444
        line: 38
      name: Sql
    operations:
      - name:
          kind: name
          begin:
            offset: 449
            line: 39
          end:
            offset: 453
            line: 39
          value: user
        operator_position:
          offset: 459
          line: 39
        operator: =>
        value:
          kind: variable
          begin:
            offset: 462
            line: 39
          end:
            offset: 467
            line: 39
          name: user
      - name:
          kind: name
          begin:
            offset: 471
            line: 40
          end:
            offset: 479
            line: 40
          value: password
        operator_position:
          offset: 481
          line: 40
        operator: =>
        value:
          kind: variable
          begin:
            offset: 484
            line: 40
          end:
            offset: 493
            line: 40
          name: password
      - name:
          kind: name
          begin:
            offset: 497
            line: 41
          end:
            offset: 501
            line: 41
          value: host
        operator_position:
          offset: 507
          line: 41
        operator: =>
        value:
          kind: function call expression
          function:
            kind: name
            begin:
              offset: 510
              line: 41
            end:
              offset: 514
              line: 41
            value: pick
          arguments:
            - kind: variable
              begin:
                offset: 515
                line: 41
              end:
                offset: 537
                line: 41
              name: ::mysql_host_override
            - kind: variable
              begin:
                offset: 539
                line: 41
              end:
                offset: 546
                line: 41
              name: ::fqdn
          end:
            offset: 547
            line: 41
      - name:
          kind: name
          begin:
            offset: 625
            line: 43
          end:
            offset: 633
            line: 43
          value: database
        operator_position:
          offset: 635
          line: 43
        operator: =>
        value:
          kind: variable
          begin:
            offset: 638
            line: 43
          end:
            offset: 645
            line: 43
          name: dbname
      - name:
          kind: name
          begin:
            offset: 649
            line: 44
          end:
            offset: 653
            line: 44
          value: type
        operator_position:
          offset: 659
          line: 44
        operator: =>
        value:
          kind: string
          begin:
            offset: 662
            line: 44
          end:
            offset: 669
            line: 44
          value: mysql
    end:
      offset: 672
      line: 45
  - kind: application statement
    begin:
      offset: 674
      line: 47
    end:
      offset: 1059
      line: 69
    name:
      kind: name
      begin:
        offset: 686
        line: 47
      end:
        offset: 690
        line: 47
      value: lamp
    parameters:
      - variable:
          kind: variable
          begin:
            offset: 695
            line: 48
          end:
            offset: 703
            line: 48
          name: db_user
      - variable:
          kind: variable
          begin:
            offset: 707
            line: 49
          end:
            offset: 719
            line: 49
          name: db_password
      - variable:
          kind: variable
          begin:
            offset: 723
            line: 50
          end:
            offset: 731
            line: 50
          name: docroot
        default_value:
          kind: string
          begin:
            offset: 734
            line: 50
          end:
            offset: 749
            line: 50
          value: /var/www/html
    body:
      - kind: resource declaration expression
        begin:
          offset: 758
          line: 53
        end:
          offset: 842
          line: 56
        status: realized
        type:
          kind: name
          begin:
            offset: 758
            line: 53
          end:
            offset: 767
            line: 53
          value: lamp::web
        bodies:
          - title:
              kind: variable
              begin:
                offset: 770
                line: 53
              end:
                offset: 775
                line: 53
              name: name
            operations:
              - name:
                  kind: name
                  begin:
                    offset: 781
                    line: 54
                  end:
                    offset: 788
                    line: 54
                  value: docroot
                operator_position:
                  offset: 789
                  line: 54
                operator: =>
                value:
                  kind: variable
                  begin:
                    offset: 792
                    line: 54
                  end:
                    offset: 800
                    line: 54
                  name: docroot
              - name:
                  kind: name
                  begin:
                    offset: 806
                    line: 55
                  end:
                    offset: 812
                    line: 55
                  value: export
                operator_position:
                  offset: 814
                  line: 55
                operator: =>
                value:
                  kind: postfix expression
                  operand:
                    kind: type
                    begin:
                      offset: 817
                      line: 55
                    end:
                      offset: 821
                      line: 55
                    name: Http
                  operations:
                    - kind: access expression
                      begin:
                        offset: 821
                        line: 55
                      end:
                        offset: 837
                        line: 55
                      arguments:
                        - kind: interpolated string
                          begin:
                            offset: 822
                            line: 55
                          end:
                            offset: 836
                            line: 55
                          parts:
                            - kind: literal text
                              begin:
                                offset: 823
                                line: 55
                              end:
                                offset: 828
                                line: 55
                              text: lamp-
                            - kind: variable
                              begin:
                                offset: 830
                                line: 55
                              end:
                                offset: 834
                                line: 55
                              name: name
      - kind: resource declaration expression
        begin:
          offset: 846
          line: 58
        end:
          offset: 929
          line: 61
        status: realized
        type:
          kind: name
          begin:
            offset: 846
            line: 58
          end:
            offset: 855
            line: 58
          value: lamp::app
        bodies:
          - title:
              kind: variable
              begin:
                offset: 858
                line: 58
              end:
                offset: 863
                line: 58
              name: name
            operations:
              - name:
                  kind: name
                  begin:
                    offset: 869
                    line: 59
                  end:
                    offset: 876
                    line: 59
                  value: docroot
                operator_position:
                  offset: 877
                  line: 59
                operator: =>
                value:
                  kind: variable
                  begin:
                    offset: 880
                    line: 59
                  end:
                    offset: 888
                    line: 59
                  name: docroot
              - name:
                  kind: name
                  begin:
                    offset: 894
                    line: 60
                  end:
                    offset: 901
                    line: 60
                  value: consume
                operator_position:
                  offset: 902
                  line: 60
                operator: =>
                value:
                  kind: postfix expression
                  operand:
                    kind: type
                    begin:
                      offset: 905
                      line: 60
                    end:
                      offset: 908
                      line: 60
                    name: Sql
                  operations:
                    - kind: access expression
                      begin:
                        offset: 908
                        line: 60
                      end:
                        offset: 924
                        line: 60
                      arguments:
                        - kind: interpolated string
                          begin:
                            offset: 909
                            line: 60
                          end:
                            offset: 923
                            line: 60
                          parts:
                            - kind: literal text
                              begin:
                                offset: 910
                                line: 60
                              end:
                                offset: 915
                                line: 60
                              text: lamp-
                            - kind: variable
                              begin:
                                offset: 917
                                line: 60
                              end:
                                offset: 921
                                line: 60
                              name: name
      - kind: resource declaration expression
        begin:
          offset: 933
          line: 63
        end:
          offset: 1056
          line: 67
        status: realized
        type:
          kind: name
          begin:
            offset: 933
            line: 63
          end:
            offset: 941
            line: 63
          value: lamp::db
        bodies:
          - title:
              kind: variable
              begin:
                offset: 944
                line: 63
              end:
                offset: 949
                line: 63
              name: name
            operations:
              - name:
                  kind: name
                  begin:
                    offset: 955
                    line: 64
                  end:
                    offset: 962
                    line: 64
                  value: db_user
                operator_position:
                  offset: 967
                  line: 64
                operator: =>
                value:
                  kind: variable
                  begin:
                    offset: 970
                    line: 64
                  end:
                    offset: 978
                    line: 64
                  name: db_user
              - name:
                  kind: name
                  begin:
                    offset: 984
                    line: 65
                  end:
                    offset: 995
                    line: 65
                  value: db_password
                operator_position:
                  offset: 996
                  line: 65
                operator: =>
                value:
                  kind: variable
                  begin:
                    offset: 999
                    line: 65
                  end:
                    offset: 1011
                    line: 65
                  name: db_password
              - name:
                  kind: name
                  begin:
                    offset: 1017
                    line: 66
                  end:
                    offset: 1023
                    line: 66
                  value: export
                operator_position:
                  offset: 1029
                  line: 66
                operator: =>
                value:
                  kind: postfix expression
                  operand:
                    kind: type
                    begin:
                      offset: 1032
                      line: 66
                    end:
                      offset: 1035
                      line: 66
                    name: Sql
                  operations:
                    - kind: access expression
                      begin:
                        offset: 1035
                        line: 66
                      end:
                        offset: 1051
                        line: 66
                      arguments:
                        - kind: interpolated string
                          begin:
                            offset: 1036
                            line: 66
                          end:
                            offset: 1050
                            line: 66
                          parts:
                            - kind: literal text
                              begin:
                                offset: 1037
                                line: 66
                              end:
                                offset: 1042
                                line: 66
                              text: lamp-
                            - kind: variable
                              begin:
                                offset: 1044
                                line: 66
                              end:
                                offset: 1048
                                line: 66
                              name: name
  - kind: site statement
    begin:
      offset: 1061
      line: 71
    end:
      offset: 1069
      line: 72
  - kind: site statement
    begin:
      offset: 1071
      line: 74
    end:
      offset: 1289
      line: 83
    body:
      - kind: resource declaration expression
        begin:
          offset: 1080
          line: 75
        end:
          offset: 1287
          line: 82
        status: realized
        type:
          kind: name
          begin:
            offset: 1080
            line: 75
          end:
            offset: 1084
            line: 75
          value: lamp
        bodies:
          - title:
              kind: name
              begin:
                offset: 1087
                line: 75
              end:
                offset: 1094
                line: 75
              value: example
            operations:
              - name:
                  kind: name
                  begin:
                    offset: 1100
                    line: 76
                  end:
                    offset: 1110
                    line: 76
                  value: wp_db_user
                operator_position:
                  offset: 1116
                  line: 76
                operator: =>
                value:
                  kind: name
                  begin:
                    offset: 1119
                    line: 76
                  end:
                    offset: 1122
                    line: 76
                  value: foo
              - name:
                  kind: name
                  begin:
                    offset: 1128
                    line: 77
                  end:
                    offset: 1142
                    line: 77
                  value: wp_db_password
                operator_position:
                  offset: 1144
                  line: 77
                operator: =>
                value:
                  kind: name
                  begin:
                    offset: 1147
                    line: 77
                  end:
                    offset: 1150
                    line: 77
                  value: bar
              - name:
                  kind: name
                  begin:
                    offset: 1156
                    line: 78
                  end:
                    offset: 1161
                    line: 78
                  value: nodes
                operator_position:
                  offset: 1172
                  line: 78
                operator: =>
                value:
                  kind: hash
                  begin:
                    offset: 1175
                    line: 78
                  end:
                    offset: 1283
                    line: 81
                  elements:
                    - first:
                        kind: postfix expression
                        operand:
                          kind: type
                          begin:
                            offset: 1183
                            line: 79
                          end:
                            offset: 1187
                            line: 79
                          name: Node
                        operations:
                          - kind: access expression
                            begin:
                              offset: 1187
                              line: 79
                            end:
                              offset: 1202
                              line: 79
                            arguments:
                              - kind: string
                                begin:
                                  offset: 1188
                                  line: 79
                                end:
                                  offset: 1201
                                  line: 79
                                value: database.vm
                      second:
                        kind: array
                        begin:
                          offset: 1206
                          line: 79
                        end:
                          offset: 1225
                          line: 79
                        elements:
                          - kind: postfix expression
                            operand:
                              kind: type
                              begin:
                                offset: 1207
                                line: 79
                              end:
                                offset: 1215
                                line: 79
                              name: Lamp::Db
                            operations:
                              - kind: access expression
                                begin:
                                  offset: 1215
                                  line: 79
                                end:
                                  offset: 1224
                                  line: 79
                                arguments:
                                  - kind: name
                                    begin:
                                      offset: 1216
                                      line: 79
                                    end:
                                      offset: 1223
                                      line: 79
                                    value: example
                    - first:
                        kind: postfix expression
                        operand:
                          kind: type
                          begin:
                            offset: 1233
                            line: 80
                          end:
                            offset: 1237
                            line: 80
                          name: Node
                        operations:
                          - kind: access expression
                            begin:
                              offset: 1237
                              line: 80
                            end:
                              offset: 1253
                              line: 80
                            arguments:
                              - kind: string
                                begin:
                                  offset: 1238
                                  line: 80
                                end:
                                  offset: 1252
                                  line: 80
                                value: appserver.vm
                      second:
                        kind: array
                        begin:
                          offset: 1257
                          line: 80
                        end:
                          offset: 1277
                          line: 80
                        elements:
                          - kind: postfix expression
                            operand:
                              kind: type
                              begin:
                                offset: 1258
                                line: 80
                              end:
                                offset: 1267
                                line: 80
                              name: Lamp::Web
                            operations:
                              - kind: access expression
                                begin:
                                  offset: 1267
                                  line: 80
                                end:
                                  offset: 1276
                                  line: 80
                                arguments:
                                  - kind: name
                                    begin:
                                      offset: 1268
                                      line: 80
                                    end:
                                      offset: 1275
                                      line: 80
                                    value: example
