path: regex.pp
statements:
  - kind: function call statement
    function:
      kind: name
      begin:
        offset: 0
        line: 1
      end:
        offset: 6
        line: 1
      value: notice
    arguments:
      - kind: regex
        begin:
          offset: 7
          line: 1
        end:
          offset: 9
          line: 1
        value: ""
  - kind: function call statement
    function:
      kind: name
      begin:
        offset: 10
        line: 2
      end:
        offset: 16
        line: 2
      value: notice
    arguments:
      - kind: regex
        begin:
          offset: 17
          line: 2
        end:
          offset: 35
          line: 2
        value: ^(.*)foo\d+(.*)$
  - kind: function call statement
    function:
      kind: name
      begin:
        offset: 36
        line: 3
      end:
        offset: 42
        line: 3
      value: notice
    arguments:
      - kind: regex
        begin:
          offset: 43
          line: 3
        end:
          offset: 48
          line: 3
        value: foo
