path: unless.pp
statements:
  - kind: unless expression
    begin:
      offset: 0
      line: 1
    end:
      offset: 68
      line: 4
    conditional:
      kind: binary expression
      operand:
        kind: variable
        begin:
          offset: 7
          line: 1
        end:
          offset: 18
          line: 1
        name: memorysize
      operations:
        - operator_position:
            offset: 19
            line: 1
          operator: ">"
          operand:
            kind: number
            begin:
              offset: 21
              line: 1
            end:
              offset: 25
              line: 1
            base: decimal
            value: 1024
    body:
      - kind: binary expression
        operand:
          kind: variable
          begin:
            offset: 30
            line: 2
          end:
            offset: 40
            line: 2
          name: maxclient
        operations:
          - operator_position:
              offset: 41
              line: 2
            operator: =
            operand:
              kind: number
              begin:
                offset: 43
                line: 2
              end:
                offset: 46
                line: 2
              base: decimal
              value: 500
      - kind: function call statement
        function:
          kind: name
          begin:
            offset: 49
            line: 3
          end:
            offset: 55
            line: 3
          value: notice
        arguments:
          - kind: variable
            begin:
              offset: 56
              line: 3
            end:
              offset: 66
              line: 3
            name: maxclient
    else:
      begin:
        offset: 69
        line: 4
      body:
        - kind: binary expression
          operand:
            kind: variable
            begin:
              offset: 78
              line: 5
            end:
              offset: 88
              line: 5
            name: maxclient
          operations:
            - operator_position:
                offset: 89
                line: 5
              operator: =
              operand:
                kind: number
                begin:
                  offset: 91
                  line: 5
                end:
                  offset: 95
                  line: 5
                base: decimal
                value: 1000
      end:
        offset: 97
        line: 6
  - kind: binary expression
    operand:
      kind: variable
      begin:
        offset: 99
        line: 8
      end:
        offset: 101
        line: 8
      name: a
    operations:
      - operator_position:
          offset: 102
          line: 8
        operator: =
        operand:
          kind: unless expression
          begin:
            offset: 104
            line: 8
          end:
            offset: 119
            line: 8
          conditional:
            kind: boolean
            begin:
              offset: 111
              line: 8
            end:
              offset: 116
              line: 8
            value: false
