path: variable.pp
statements:
  - kind: function call statement
    function:
      kind: name
      begin:
        offset: 0
        line: 1
      end:
        offset: 6
        line: 1
      value: notice
    arguments:
      - kind: variable
        begin:
          offset: 7
          line: 1
        end:
          offset: 21
          line: 1
        name: foo::bar::baz
